---
source: src/ui/ui_tests.rs
expression: output
---
datop vX.X.X-alpha - 1 containers                                                ┌─────────────────────────────────────────────────────────┐
                                                                                 │✗ user@server1: Failed to connect: Connection refused    │
  ID             Name             CPU %                        Memory %          └─────────────────────────────────────────────────────────┘
                                                                                                                                            
  abc123456789 ▶ nginx            ⠀⠀⠀⠀⠀⠀⠀⠀⠀⠀⠀⠀⠀⠀⠀⠀⠀⠀⠀⠀  25.5%  ⠀⠀⠀⠀⠀⠀⠀⠀⠀⠀⠀⠀⠀⠀⠀⠀⠀⠀⠀⠀ 431M/954M    1.0KB/s      2.0KB/s      2 hours ago
