---
source: src/ui/ui_tests.rs
expression: output
---
Logs: nginx (local) - Press ESC to return [LIVE]                                                                       ▲
                                                                                                                       █
                                                                                                                       █
                                                                                                                       █
                                                                                                                       █
                                                                                                                       █
                                                                                                                       ║
                                                                                                                       ║
                                                                                                                       ║
                                                                                                                       ║
                                                                                                                       ║
                                                                                                                       ║
                                                                                                                       ║
                                                                                                                       ║
                                                                                                                       ║
                                                                                                                       ║
                                                                                                                       ║
                                                                                                                       ║
                                                                                                                       ║
                                                                                                                       ║
                                                                                                                       ║
                                                                                                                       ║
                                                                                                                       ║
                                                                                                                       ║
                                                                                                                       ▼
