---
source: src/ui/ui_tests.rs
expression: output
---
dtop vX.X.X - 0 containers                                                        '?' help, 'q' quit
                                                                                                    
ID             Name                        CPU %   Memory  NetTx/s      NetRx/s      Created ▼
